Archive member included to satisfy reference by file (symbol)

c:/program files (x86)/atmel/studio/7.0/toolchain/avr8/avr8-gnu-toolchain/bin/../lib/gcc/avr/5.4.0/avr5\libgcc.a(_udivmodsi4.o)
                              LCD.o (__udivmodsi4)
c:/program files (x86)/atmel/studio/7.0/toolchain/avr8/avr8-gnu-toolchain/bin/../lib/gcc/avr/5.4.0/avr5\libgcc.a(_exit.o)
                              C:/Program Files (x86)/Atmel/Studio/7.0/Packs/atmel/ATmega_DFP/1.7.374/gcc/dev/atmega32/avr5/crtatmega32.o (exit)
c:/program files (x86)/atmel/studio/7.0/toolchain/avr8/avr8-gnu-toolchain/bin/../lib/gcc/avr/5.4.0/avr5\libgcc.a(_tablejump2.o)
                              main.o (__tablejump2__)
c:/program files (x86)/atmel/studio/7.0/toolchain/avr8/avr8-gnu-toolchain/bin/../lib/gcc/avr/5.4.0/avr5\libgcc.a(_copy_data.o)
                              KEY_BAD_program.o (__do_copy_data)
c:/program files (x86)/atmel/studio/7.0/toolchain/avr8/avr8-gnu-toolchain/bin/../lib/gcc/avr/5.4.0/avr5\libgcc.a(_clear_bss.o)
                              LCD_KEY.o (__do_clear_bss)
c:/program files (x86)/atmel/studio/7.0/toolchain/avr8/avr8-gnu-toolchain/bin/../lib/gcc/avr/5.4.0/avr5\libgcc.a(_umulhisi3.o)
                              main.o (__umulhisi3)

Allocating common symbols
Common symbol       size              file

UART                0x1               main.o
arr_N               0x14              main.o
arr_3               0x14              main.o
buffer_1            0x14              main.o
buffer              0x14              main.o
arr_P               0x14              main.o
data                0x1               main.o
arr_2               0x14              main.o
arr_1               0x14              main.o
Key_data            0x1               main.o
arr_4               0x14              main.o

Discarded input sections

 .data          0x00000000        0x0 C:/Program Files (x86)/Atmel/Studio/7.0/Packs/atmel/ATmega_DFP/1.7.374/gcc/dev/atmega32/avr5/crtatmega32.o
 .bss           0x00000000        0x0 C:/Program Files (x86)/Atmel/Studio/7.0/Packs/atmel/ATmega_DFP/1.7.374/gcc/dev/atmega32/avr5/crtatmega32.o
 .text          0x00000000        0x0 ADC_program.o
 .data          0x00000000        0x0 ADC_program.o
 .bss           0x00000000        0x0 ADC_program.o
 .text          0x00000000        0x0 DIO_program.o
 .data          0x00000000        0x0 DIO_program.o
 .bss           0x00000000        0x0 DIO_program.o
 .text          0x00000000        0x0 EEPROM_program.o
 .data          0x00000000        0x0 EEPROM_program.o
 .bss           0x00000000        0x0 EEPROM_program.o
 .text          0x00000000        0x0 GI_program.o
 .data          0x00000000        0x0 GI_program.o
 .bss           0x00000000        0x0 GI_program.o
 .text.GI_disable
                0x00000000        0x8 GI_program.o
 .text          0x00000000        0x0 I2C_program.o
 .data          0x00000000        0x0 I2C_program.o
 .bss           0x00000000        0x0 I2C_program.o
 .text          0x00000000        0x0 KEY_BAD_program.o
 .data          0x00000000        0x0 KEY_BAD_program.o
 .bss           0x00000000        0x0 KEY_BAD_program.o
 .text          0x00000000        0x0 LCD.o
 .data          0x00000000        0x0 LCD.o
 .bss           0x00000000        0x0 LCD.o
 .text.move_cursor
                0x00000000       0x10 LCD.o
 .text          0x00000000        0x0 LCD_KEY.o
 .data          0x00000000        0x0 LCD_KEY.o
 .bss           0x00000000        0x0 LCD_KEY.o
 .text          0x00000000        0x0 main.o
 .data          0x00000000        0x0 main.o
 .bss           0x00000000        0x0 main.o
 .bss.count_k_2
                0x00000000        0x1 main.o
 .bss.count_k_1
                0x00000000        0x1 main.o
 .text          0x00000000        0x0 Timer1_program.o
 .data          0x00000000        0x0 Timer1_program.o
 .bss           0x00000000        0x0 Timer1_program.o
 .text          0x00000000        0x0 TIMER_program.o
 .data          0x00000000        0x0 TIMER_program.o
 .bss           0x00000000        0x0 TIMER_program.o
 .text.TMR_CompareMatchValue
                0x00000000        0x4 TIMER_program.o
 .text          0x00000000        0x0 UART_program.o
 .data          0x00000000        0x0 UART_program.o
 .bss           0x00000000        0x0 UART_program.o
 .text.UART_ReciveString
                0x00000000       0x24 UART_program.o
 .text          0x00000000        0x0 c:/program files (x86)/atmel/studio/7.0/toolchain/avr8/avr8-gnu-toolchain/bin/../lib/gcc/avr/5.4.0/avr5\libgcc.a(_udivmodsi4.o)
 .data          0x00000000        0x0 c:/program files (x86)/atmel/studio/7.0/toolchain/avr8/avr8-gnu-toolchain/bin/../lib/gcc/avr/5.4.0/avr5\libgcc.a(_udivmodsi4.o)
 .bss           0x00000000        0x0 c:/program files (x86)/atmel/studio/7.0/toolchain/avr8/avr8-gnu-toolchain/bin/../lib/gcc/avr/5.4.0/avr5\libgcc.a(_udivmodsi4.o)
 .text.libgcc.mul
                0x00000000        0x0 c:/program files (x86)/atmel/studio/7.0/toolchain/avr8/avr8-gnu-toolchain/bin/../lib/gcc/avr/5.4.0/avr5\libgcc.a(_udivmodsi4.o)
 .text.libgcc   0x00000000        0x0 c:/program files (x86)/atmel/studio/7.0/toolchain/avr8/avr8-gnu-toolchain/bin/../lib/gcc/avr/5.4.0/avr5\libgcc.a(_udivmodsi4.o)
 .text.libgcc.prologue
                0x00000000        0x0 c:/program files (x86)/atmel/studio/7.0/toolchain/avr8/avr8-gnu-toolchain/bin/../lib/gcc/avr/5.4.0/avr5\libgcc.a(_udivmodsi4.o)
 .text.libgcc.builtins
                0x00000000        0x0 c:/program files (x86)/atmel/studio/7.0/toolchain/avr8/avr8-gnu-toolchain/bin/../lib/gcc/avr/5.4.0/avr5\libgcc.a(_udivmodsi4.o)
 .text.libgcc.fmul
                0x00000000        0x0 c:/program files (x86)/atmel/studio/7.0/toolchain/avr8/avr8-gnu-toolchain/bin/../lib/gcc/avr/5.4.0/avr5\libgcc.a(_udivmodsi4.o)
 .text.libgcc.fixed
                0x00000000        0x0 c:/program files (x86)/atmel/studio/7.0/toolchain/avr8/avr8-gnu-toolchain/bin/../lib/gcc/avr/5.4.0/avr5\libgcc.a(_udivmodsi4.o)
 .text          0x00000000        0x0 c:/program files (x86)/atmel/studio/7.0/toolchain/avr8/avr8-gnu-toolchain/bin/../lib/gcc/avr/5.4.0/avr5\libgcc.a(_exit.o)
 .data          0x00000000        0x0 c:/program files (x86)/atmel/studio/7.0/toolchain/avr8/avr8-gnu-toolchain/bin/../lib/gcc/avr/5.4.0/avr5\libgcc.a(_exit.o)
 .bss           0x00000000        0x0 c:/program files (x86)/atmel/studio/7.0/toolchain/avr8/avr8-gnu-toolchain/bin/../lib/gcc/avr/5.4.0/avr5\libgcc.a(_exit.o)
 .text.libgcc.mul
                0x00000000        0x0 c:/program files (x86)/atmel/studio/7.0/toolchain/avr8/avr8-gnu-toolchain/bin/../lib/gcc/avr/5.4.0/avr5\libgcc.a(_exit.o)
 .text.libgcc.div
                0x00000000        0x0 c:/program files (x86)/atmel/studio/7.0/toolchain/avr8/avr8-gnu-toolchain/bin/../lib/gcc/avr/5.4.0/avr5\libgcc.a(_exit.o)
 .text.libgcc   0x00000000        0x0 c:/program files (x86)/atmel/studio/7.0/toolchain/avr8/avr8-gnu-toolchain/bin/../lib/gcc/avr/5.4.0/avr5\libgcc.a(_exit.o)
 .text.libgcc.prologue
                0x00000000        0x0 c:/program files (x86)/atmel/studio/7.0/toolchain/avr8/avr8-gnu-toolchain/bin/../lib/gcc/avr/5.4.0/avr5\libgcc.a(_exit.o)
 .text.libgcc.builtins
                0x00000000        0x0 c:/program files (x86)/atmel/studio/7.0/toolchain/avr8/avr8-gnu-toolchain/bin/../lib/gcc/avr/5.4.0/avr5\libgcc.a(_exit.o)
 .text.libgcc.fmul
                0x00000000        0x0 c:/program files (x86)/atmel/studio/7.0/toolchain/avr8/avr8-gnu-toolchain/bin/../lib/gcc/avr/5.4.0/avr5\libgcc.a(_exit.o)
 .text.libgcc.fixed
                0x00000000        0x0 c:/program files (x86)/atmel/studio/7.0/toolchain/avr8/avr8-gnu-toolchain/bin/../lib/gcc/avr/5.4.0/avr5\libgcc.a(_exit.o)
 .text          0x00000000        0x0 c:/program files (x86)/atmel/studio/7.0/toolchain/avr8/avr8-gnu-toolchain/bin/../lib/gcc/avr/5.4.0/avr5\libgcc.a(_tablejump2.o)
 .data          0x00000000        0x0 c:/program files (x86)/atmel/studio/7.0/toolchain/avr8/avr8-gnu-toolchain/bin/../lib/gcc/avr/5.4.0/avr5\libgcc.a(_tablejump2.o)
 .bss           0x00000000        0x0 c:/program files (x86)/atmel/studio/7.0/toolchain/avr8/avr8-gnu-toolchain/bin/../lib/gcc/avr/5.4.0/avr5\libgcc.a(_tablejump2.o)
 .text.libgcc.mul
                0x00000000        0x0 c:/program files (x86)/atmel/studio/7.0/toolchain/avr8/avr8-gnu-toolchain/bin/../lib/gcc/avr/5.4.0/avr5\libgcc.a(_tablejump2.o)
 .text.libgcc.div
                0x00000000        0x0 c:/program files (x86)/atmel/studio/7.0/toolchain/avr8/avr8-gnu-toolchain/bin/../lib/gcc/avr/5.4.0/avr5\libgcc.a(_tablejump2.o)
 .text.libgcc.prologue
                0x00000000        0x0 c:/program files (x86)/atmel/studio/7.0/toolchain/avr8/avr8-gnu-toolchain/bin/../lib/gcc/avr/5.4.0/avr5\libgcc.a(_tablejump2.o)
 .text.libgcc.builtins
                0x00000000        0x0 c:/program files (x86)/atmel/studio/7.0/toolchain/avr8/avr8-gnu-toolchain/bin/../lib/gcc/avr/5.4.0/avr5\libgcc.a(_tablejump2.o)
 .text.libgcc.fmul
                0x00000000        0x0 c:/program files (x86)/atmel/studio/7.0/toolchain/avr8/avr8-gnu-toolchain/bin/../lib/gcc/avr/5.4.0/avr5\libgcc.a(_tablejump2.o)
 .text.libgcc.fixed
                0x00000000        0x0 c:/program files (x86)/atmel/studio/7.0/toolchain/avr8/avr8-gnu-toolchain/bin/../lib/gcc/avr/5.4.0/avr5\libgcc.a(_tablejump2.o)
 .text          0x00000000        0x0 c:/program files (x86)/atmel/studio/7.0/toolchain/avr8/avr8-gnu-toolchain/bin/../lib/gcc/avr/5.4.0/avr5\libgcc.a(_copy_data.o)
 .data          0x00000000        0x0 c:/program files (x86)/atmel/studio/7.0/toolchain/avr8/avr8-gnu-toolchain/bin/../lib/gcc/avr/5.4.0/avr5\libgcc.a(_copy_data.o)
 .bss           0x00000000        0x0 c:/program files (x86)/atmel/studio/7.0/toolchain/avr8/avr8-gnu-toolchain/bin/../lib/gcc/avr/5.4.0/avr5\libgcc.a(_copy_data.o)
 .text.libgcc.mul
                0x00000000        0x0 c:/program files (x86)/atmel/studio/7.0/toolchain/avr8/avr8-gnu-toolchain/bin/../lib/gcc/avr/5.4.0/avr5\libgcc.a(_copy_data.o)
 .text.libgcc.div
                0x00000000        0x0 c:/program files (x86)/atmel/studio/7.0/toolchain/avr8/avr8-gnu-toolchain/bin/../lib/gcc/avr/5.4.0/avr5\libgcc.a(_copy_data.o)
 .text.libgcc   0x00000000        0x0 c:/program files (x86)/atmel/studio/7.0/toolchain/avr8/avr8-gnu-toolchain/bin/../lib/gcc/avr/5.4.0/avr5\libgcc.a(_copy_data.o)
 .text.libgcc.prologue
                0x00000000        0x0 c:/program files (x86)/atmel/studio/7.0/toolchain/avr8/avr8-gnu-toolchain/bin/../lib/gcc/avr/5.4.0/avr5\libgcc.a(_copy_data.o)
 .text.libgcc.builtins
                0x00000000        0x0 c:/program files (x86)/atmel/studio/7.0/toolchain/avr8/avr8-gnu-toolchain/bin/../lib/gcc/avr/5.4.0/avr5\libgcc.a(_copy_data.o)
 .text.libgcc.fmul
                0x00000000        0x0 c:/program files (x86)/atmel/studio/7.0/toolchain/avr8/avr8-gnu-toolchain/bin/../lib/gcc/avr/5.4.0/avr5\libgcc.a(_copy_data.o)
 .text.libgcc.fixed
                0x00000000        0x0 c:/program files (x86)/atmel/studio/7.0/toolchain/avr8/avr8-gnu-toolchain/bin/../lib/gcc/avr/5.4.0/avr5\libgcc.a(_copy_data.o)
 .text          0x00000000        0x0 c:/program files (x86)/atmel/studio/7.0/toolchain/avr8/avr8-gnu-toolchain/bin/../lib/gcc/avr/5.4.0/avr5\libgcc.a(_clear_bss.o)
 .data          0x00000000        0x0 c:/program files (x86)/atmel/studio/7.0/toolchain/avr8/avr8-gnu-toolchain/bin/../lib/gcc/avr/5.4.0/avr5\libgcc.a(_clear_bss.o)
 .bss           0x00000000        0x0 c:/program files (x86)/atmel/studio/7.0/toolchain/avr8/avr8-gnu-toolchain/bin/../lib/gcc/avr/5.4.0/avr5\libgcc.a(_clear_bss.o)
 .text.libgcc.mul
                0x00000000        0x0 c:/program files (x86)/atmel/studio/7.0/toolchain/avr8/avr8-gnu-toolchain/bin/../lib/gcc/avr/5.4.0/avr5\libgcc.a(_clear_bss.o)
 .text.libgcc.div
                0x00000000        0x0 c:/program files (x86)/atmel/studio/7.0/toolchain/avr8/avr8-gnu-toolchain/bin/../lib/gcc/avr/5.4.0/avr5\libgcc.a(_clear_bss.o)
 .text.libgcc   0x00000000        0x0 c:/program files (x86)/atmel/studio/7.0/toolchain/avr8/avr8-gnu-toolchain/bin/../lib/gcc/avr/5.4.0/avr5\libgcc.a(_clear_bss.o)
 .text.libgcc.prologue
                0x00000000        0x0 c:/program files (x86)/atmel/studio/7.0/toolchain/avr8/avr8-gnu-toolchain/bin/../lib/gcc/avr/5.4.0/avr5\libgcc.a(_clear_bss.o)
 .text.libgcc.builtins
                0x00000000        0x0 c:/program files (x86)/atmel/studio/7.0/toolchain/avr8/avr8-gnu-toolchain/bin/../lib/gcc/avr/5.4.0/avr5\libgcc.a(_clear_bss.o)
 .text.libgcc.fmul
                0x00000000        0x0 c:/program files (x86)/atmel/studio/7.0/toolchain/avr8/avr8-gnu-toolchain/bin/../lib/gcc/avr/5.4.0/avr5\libgcc.a(_clear_bss.o)
 .text.libgcc.fixed
                0x00000000        0x0 c:/program files (x86)/atmel/studio/7.0/toolchain/avr8/avr8-gnu-toolchain/bin/../lib/gcc/avr/5.4.0/avr5\libgcc.a(_clear_bss.o)
 .text          0x00000000        0x0 c:/program files (x86)/atmel/studio/7.0/toolchain/avr8/avr8-gnu-toolchain/bin/../lib/gcc/avr/5.4.0/avr5\libgcc.a(_umulhisi3.o)
 .data          0x00000000        0x0 c:/program files (x86)/atmel/studio/7.0/toolchain/avr8/avr8-gnu-toolchain/bin/../lib/gcc/avr/5.4.0/avr5\libgcc.a(_umulhisi3.o)
 .bss           0x00000000        0x0 c:/program files (x86)/atmel/studio/7.0/toolchain/avr8/avr8-gnu-toolchain/bin/../lib/gcc/avr/5.4.0/avr5\libgcc.a(_umulhisi3.o)
 .text.libgcc.div
                0x00000000        0x0 c:/program files (x86)/atmel/studio/7.0/toolchain/avr8/avr8-gnu-toolchain/bin/../lib/gcc/avr/5.4.0/avr5\libgcc.a(_umulhisi3.o)
 .text.libgcc   0x00000000        0x0 c:/program files (x86)/atmel/studio/7.0/toolchain/avr8/avr8-gnu-toolchain/bin/../lib/gcc/avr/5.4.0/avr5\libgcc.a(_umulhisi3.o)
 .text.libgcc.prologue
                0x00000000        0x0 c:/program files (x86)/atmel/studio/7.0/toolchain/avr8/avr8-gnu-toolchain/bin/../lib/gcc/avr/5.4.0/avr5\libgcc.a(_umulhisi3.o)
 .text.libgcc.builtins
                0x00000000        0x0 c:/program files (x86)/atmel/studio/7.0/toolchain/avr8/avr8-gnu-toolchain/bin/../lib/gcc/avr/5.4.0/avr5\libgcc.a(_umulhisi3.o)
 .text.libgcc.fmul
                0x00000000        0x0 c:/program files (x86)/atmel/studio/7.0/toolchain/avr8/avr8-gnu-toolchain/bin/../lib/gcc/avr/5.4.0/avr5\libgcc.a(_umulhisi3.o)
 .text.libgcc.fixed
                0x00000000        0x0 c:/program files (x86)/atmel/studio/7.0/toolchain/avr8/avr8-gnu-toolchain/bin/../lib/gcc/avr/5.4.0/avr5\libgcc.a(_umulhisi3.o)

Memory Configuration

Name             Origin             Length             Attributes
text             0x00000000         0x00008000         xr
data             0x00800060         0x00000800         rw !x
eeprom           0x00810000         0x00000400         rw !x
fuse             0x00820000         0x00000002         rw !x
lock             0x00830000         0x00000400         rw !x
signature        0x00840000         0x00000400         rw !x
user_signatures  0x00850000         0x00000400         rw !x
*default*        0x00000000         0xffffffff

Linker script and memory map

LOAD C:/Program Files (x86)/Atmel/Studio/7.0/Packs/atmel/ATmega_DFP/1.7.374/gcc/dev/atmega32/avr5/crtatmega32.o
LOAD ADC_program.o
LOAD DIO_program.o
LOAD EEPROM_program.o
LOAD GI_program.o
LOAD I2C_program.o
LOAD KEY_BAD_program.o
LOAD LCD.o
LOAD LCD_KEY.o
LOAD main.o
LOAD Timer1_program.o
LOAD TIMER_program.o
LOAD UART_program.o
START GROUP
LOAD c:/program files (x86)/atmel/studio/7.0/toolchain/avr8/avr8-gnu-toolchain/bin/../lib/gcc/avr/5.4.0/../../../../avr/lib/avr5\libm.a
END GROUP
START GROUP
LOAD c:/program files (x86)/atmel/studio/7.0/toolchain/avr8/avr8-gnu-toolchain/bin/../lib/gcc/avr/5.4.0/avr5\libgcc.a
LOAD c:/program files (x86)/atmel/studio/7.0/toolchain/avr8/avr8-gnu-toolchain/bin/../lib/gcc/avr/5.4.0/../../../../avr/lib/avr5\libm.a
LOAD c:/program files (x86)/atmel/studio/7.0/toolchain/avr8/avr8-gnu-toolchain/bin/../lib/gcc/avr/5.4.0/../../../../avr/lib/avr5\libc.a
LOAD C:/Program Files (x86)/Atmel/Studio/7.0/Packs/atmel/ATmega_DFP/1.7.374/gcc/dev/atmega32/avr5\libatmega32.a
END GROUP
                0x00000000                __TEXT_REGION_ORIGIN__ = DEFINED (__TEXT_REGION_ORIGIN__)?__TEXT_REGION_ORIGIN__:0x0
                [0x00800060]                __DATA_REGION_ORIGIN__ = DEFINED (__DATA_REGION_ORIGIN__)?__DATA_REGION_ORIGIN__:0x800060
                [0x00008000]                __TEXT_REGION_LENGTH__ = DEFINED (__TEXT_REGION_LENGTH__)?__TEXT_REGION_LENGTH__:0x20000
                [0x00000800]                __DATA_REGION_LENGTH__ = DEFINED (__DATA_REGION_LENGTH__)?__DATA_REGION_LENGTH__:0xffa0
                [0x00000400]                __EEPROM_REGION_LENGTH__ = DEFINED (__EEPROM_REGION_LENGTH__)?__EEPROM_REGION_LENGTH__:0x10000
                [0x00000002]                __FUSE_REGION_LENGTH__ = DEFINED (__FUSE_REGION_LENGTH__)?__FUSE_REGION_LENGTH__:0x400
                0x00000400                __LOCK_REGION_LENGTH__ = DEFINED (__LOCK_REGION_LENGTH__)?__LOCK_REGION_LENGTH__:0x400
                0x00000400                __SIGNATURE_REGION_LENGTH__ = DEFINED (__SIGNATURE_REGION_LENGTH__)?__SIGNATURE_REGION_LENGTH__:0x400
                0x00000400                __USER_SIGNATURE_REGION_LENGTH__ = DEFINED (__USER_SIGNATURE_REGION_LENGTH__)?__USER_SIGNATURE_REGION_LENGTH__:0x400

.hash
 *(.hash)

.dynsym
 *(.dynsym)

.dynstr
 *(.dynstr)

.gnu.version
 *(.gnu.version)

.gnu.version_d
 *(.gnu.version_d)

.gnu.version_r
 *(.gnu.version_r)

.rel.init
 *(.rel.init)

.rela.init
 *(.rela.init)

.rel.text
 *(.rel.text)
 *(.rel.text.*)
 *(.rel.gnu.linkonce.t*)

.rela.text
 *(.rela.text)
 *(.rela.text.*)
 *(.rela.gnu.linkonce.t*)

.rel.fini
 *(.rel.fini)

.rela.fini
 *(.rela.fini)

.rel.rodata
 *(.rel.rodata)
 *(.rel.rodata.*)
 *(.rel.gnu.linkonce.r*)

.rela.rodata
 *(.rela.rodata)
 *(.rela.rodata.*)
 *(.rela.gnu.linkonce.r*)

.rel.data
 *(.rel.data)
 *(.rel.data.*)
 *(.rel.gnu.linkonce.d*)

.rela.data
 *(.rela.data)
 *(.rela.data.*)
 *(.rela.gnu.linkonce.d*)

.rel.ctors
 *(.rel.ctors)

.rela.ctors
 *(.rela.ctors)

.rel.dtors
 *(.rel.dtors)

.rela.dtors
 *(.rela.dtors)

.rel.got
 *(.rel.got)

.rela.got
 *(.rela.got)

.rel.bss
 *(.rel.bss)

.rela.bss
 *(.rela.bss)

.rel.plt
 *(.rel.plt)

.rela.plt
 *(.rela.plt)

.text           0x00000000     0x171a
 *(.vectors)
 .vectors       0x00000000       0x54 C:/Program Files (x86)/Atmel/Studio/7.0/Packs/atmel/ATmega_DFP/1.7.374/gcc/dev/atmega32/avr5/crtatmega32.o
                0x00000000                __vector_default
                0x00000000                __vectors
 *(.vectors)
 *(.progmem.gcc*)
 .progmem.gcc_sw_table.main
                0x00000054       0x44 main.o
                0x00000098                . = ALIGN (0x2)
                0x00000098                __trampolines_start = .
 *(.trampolines)
 .trampolines   0x00000098        0x0 linker stubs
 *(.trampolines*)
                0x00000098                __trampolines_end = .
 *libprintf_flt.a:*(.progmem.data)
 *libc.a:*(.progmem.data)
 *(.progmem*)
                0x00000098                . = ALIGN (0x2)
 *(.jumptables)
 *(.jumptables*)
 *(.lowtext)
 *(.lowtext*)
                0x00000098                __ctors_start = .
 *(.ctors)
                0x00000098                __ctors_end = .
                0x00000098                __dtors_start = .
 *(.dtors)
                0x00000098                __dtors_end = .
 SORT(*)(.ctors)
 SORT(*)(.dtors)
 *(.init0)
 .init0         0x00000098        0x0 C:/Program Files (x86)/Atmel/Studio/7.0/Packs/atmel/ATmega_DFP/1.7.374/gcc/dev/atmega32/avr5/crtatmega32.o
                0x00000098                __init
 *(.init0)
 *(.init1)
 *(.init1)
 *(.init2)
 .init2         0x00000098        0xc C:/Program Files (x86)/Atmel/Studio/7.0/Packs/atmel/ATmega_DFP/1.7.374/gcc/dev/atmega32/avr5/crtatmega32.o
 *(.init2)
 *(.init3)
 *(.init3)
 *(.init4)
 .init4         0x000000a4       0x16 c:/program files (x86)/atmel/studio/7.0/toolchain/avr8/avr8-gnu-toolchain/bin/../lib/gcc/avr/5.4.0/avr5\libgcc.a(_copy_data.o)
                0x000000a4                __do_copy_data
 .init4         0x000000ba       0x10 c:/program files (x86)/atmel/studio/7.0/toolchain/avr8/avr8-gnu-toolchain/bin/../lib/gcc/avr/5.4.0/avr5\libgcc.a(_clear_bss.o)
                0x000000ba                __do_clear_bss
 *(.init4)
 *(.init5)
 *(.init5)
 *(.init6)
 *(.init6)
 *(.init7)
 *(.init7)
 *(.init8)
 *(.init8)
 *(.init9)
 .init9         0x000000ca        0x8 C:/Program Files (x86)/Atmel/Studio/7.0/Packs/atmel/ATmega_DFP/1.7.374/gcc/dev/atmega32/avr5/crtatmega32.o
 *(.init9)
 *(.text)
 .text          0x000000d2        0x4 C:/Program Files (x86)/Atmel/Studio/7.0/Packs/atmel/ATmega_DFP/1.7.374/gcc/dev/atmega32/avr5/crtatmega32.o
                0x000000d2                __vector_1
                0x000000d2                __vector_12
                0x000000d2                __bad_interrupt
                0x000000d2                __vector_6
                0x000000d2                __vector_3
                0x000000d2                __vector_13
                0x000000d2                __vector_17
                0x000000d2                __vector_19
                0x000000d2                __vector_7
                0x000000d2                __vector_5
                0x000000d2                __vector_4
                0x000000d2                __vector_9
                0x000000d2                __vector_2
                0x000000d2                __vector_15
                0x000000d2                __vector_8
                0x000000d2                __vector_14
                0x000000d2                __vector_10
                0x000000d2                __vector_16
                0x000000d2                __vector_18
                0x000000d2                __vector_20
                0x000000d6                . = ALIGN (0x2)
 *(.text.*)
 .text.ADC_init
                0x000000d6       0x32 ADC_program.o
                0x000000d6                ADC_init
 .text.ADC_getDigitalValue
                0x00000108       0x32 ADC_program.o
                0x00000108                ADC_getDigitalValue
 .text.DIO_SetPinDirection
                0x0000013a       0xec DIO_program.o
                0x0000013a                DIO_SetPinDirection
 .text.DIO_SetPinValue
                0x00000226       0xec DIO_program.o
                0x00000226                DIO_SetPinValue
 .text.DIO_SetRegValue
                0x00000312       0x24 DIO_program.o
                0x00000312                DIO_SetRegValue
 .text.DIO_SetRegDirection
                0x00000336       0x24 DIO_program.o
                0x00000336                DIO_SetRegDirection
 .text.DIO_GetPinValue
                0x0000035a       0x64 DIO_program.o
                0x0000035a                DIO_GetPinValue
 .text.DIO_SetPullupRes
                0x000003be       0x6c DIO_program.o
                0x000003be                DIO_SetPullupRes
 .text.DIO_GetRegValue
                0x0000042a       0x2c DIO_program.o
                0x0000042a                DIO_GetRegValue
 .text.EEPROM_WriteByte
                0x00000456       0x3c EEPROM_program.o
                0x00000456                EEPROM_WriteByte
 .text.EEPROM_ReadByte
                0x00000492       0x4a EEPROM_program.o
                0x00000492                EEPROM_ReadByte
 .text.EEPROM_Compare
                0x000004dc       0x4c EEPROM_program.o
                0x000004dc                EEPROM_Compare
 .text.GI_enable
                0x00000528        0x8 GI_program.o
                0x00000528                GI_enable
 .text.I2C_INITMASTER
                0x00000530       0x1e I2C_program.o
                0x00000530                I2C_INITMASTER
 .text.I2C_SendStartCondition
                0x0000054e       0x1c I2C_program.o
                0x0000054e                I2C_SendStartCondition
 .text.I2C_SendRepStartCondition
                0x0000056a       0x1c I2C_program.o
                0x0000056a                I2C_SendRepStartCondition
 .text.I2C_SendStopCondition
                0x00000586        0xe I2C_program.o
                0x00000586                I2C_SendStopCondition
 .text.I2C_SendSlaveAddWithWrite
                0x00000594       0x2a I2C_program.o
                0x00000594                I2C_SendSlaveAddWithWrite
 .text.I2C_SendSlaveAddWithRead
                0x000005be       0x2a I2C_program.o
                0x000005be                I2C_SendSlaveAddWithRead
 .text.I2C_SendMasterDataByte
                0x000005e8       0x16 I2C_program.o
                0x000005e8                I2C_SendMasterDataByte
 .text.I2C_ReciveMasterDataByte
                0x000005fe       0x1e I2C_program.o
                0x000005fe                I2C_ReciveMasterDataByte
 .text.KPD_getValue
                0x0000061c       0xe0 KEY_BAD_program.o
                0x0000061c                KPD_getValue
 .text.KPD_initDiretions
                0x000006fc       0x72 KEY_BAD_program.o
                0x000006fc                KPD_initDiretions
 .text.reverse_string
                0x0000076e       0x48 LCD.o
                0x0000076e                reverse_string
 .text.convert_dec_to_string
                0x000007b6       0x60 LCD.o
                0x000007b6                convert_dec_to_string
 .text.peek_lcd
                0x00000816       0x1e LCD.o
                0x00000816                peek_lcd
 .text.write_char
                0x00000834       0x82 LCD.o
                0x00000834                write_char
 .text.write_string
                0x000008b6       0x3e LCD.o
                0x000008b6                write_string
 .text.write_int
                0x000008f4       0x38 LCD.o
                0x000008f4                write_int
 .text.write_command
                0x0000092c       0x82 LCD.o
                0x0000092c                write_command
 .text.init_lcd
                0x000009ae       0x62 LCD.o
                0x000009ae                init_lcd
 .text.String_Length
                0x00000a10       0x1c LCD_KEY.o
                0x00000a10                String_Length
 .text.Compare_String
                0x00000a2c       0x56 LCD_KEY.o
                0x00000a2c                Compare_String
 .text.main     0x00000a82      0xa36 main.o
                0x00000a82                main
 .text.__vector_11
                0x000014b8       0xdc main.o
                0x000014b8                __vector_11
 .text.TMR1_INIT
                0x00001594       0x46 Timer1_program.o
                0x00001594                TMR1_INIT
 .text.TMR1_SetCompareMatch
                0x000015da        0x6 Timer1_program.o
                0x000015da                TMR1_SetCompareMatch
 .text.TMR_INIT
                0x000015e0       0x28 TIMER_program.o
                0x000015e0                TMR_INIT
 .text.UART_INTI
                0x00001608       0x16 UART_program.o
                0x00001608                UART_INTI
 .text.UART_TransmitDataChar
                0x0000161e        0x8 UART_program.o
                0x0000161e                UART_TransmitDataChar
 .text.UART_ReciveChar
                0x00001626       0x1c UART_program.o
                0x00001626                UART_ReciveChar
 .text.UART_TransmitDataString
                0x00001642       0x28 UART_program.o
                0x00001642                UART_TransmitDataString
 .text.UART_TransmitDataInt
                0x0000166a       0x3e UART_program.o
                0x0000166a                UART_TransmitDataInt
 .text.libgcc.div
                0x000016a8       0x44 c:/program files (x86)/atmel/studio/7.0/toolchain/avr8/avr8-gnu-toolchain/bin/../lib/gcc/avr/5.4.0/avr5\libgcc.a(_udivmodsi4.o)
                0x000016a8                __udivmodsi4
 .text.libgcc   0x000016ec        0xc c:/program files (x86)/atmel/studio/7.0/toolchain/avr8/avr8-gnu-toolchain/bin/../lib/gcc/avr/5.4.0/avr5\libgcc.a(_tablejump2.o)
                0x000016ec                __tablejump2__
 .text.libgcc.mul
                0x000016f8       0x1e c:/program files (x86)/atmel/studio/7.0/toolchain/avr8/avr8-gnu-toolchain/bin/../lib/gcc/avr/5.4.0/avr5\libgcc.a(_umulhisi3.o)
                0x000016f8                __umulhisi3
                0x00001716                . = ALIGN (0x2)
 *(.fini9)
 .fini9         0x00001716        0x0 c:/program files (x86)/atmel/studio/7.0/toolchain/avr8/avr8-gnu-toolchain/bin/../lib/gcc/avr/5.4.0/avr5\libgcc.a(_exit.o)
                0x00001716                _exit
                0x00001716                exit
 *(.fini9)
 *(.fini8)
 *(.fini8)
 *(.fini7)
 *(.fini7)
 *(.fini6)
 *(.fini6)
 *(.fini5)
 *(.fini5)
 *(.fini4)
 *(.fini4)
 *(.fini3)
 *(.fini3)
 *(.fini2)
 *(.fini2)
 *(.fini1)
 *(.fini1)
 *(.fini0)
 .fini0         0x00001716        0x4 c:/program files (x86)/atmel/studio/7.0/toolchain/avr8/avr8-gnu-toolchain/bin/../lib/gcc/avr/5.4.0/avr5\libgcc.a(_exit.o)
 *(.fini0)
                0x0000171a                _etext = .

.data           0x00800060      0x2a8 load address 0x0000171a
                0x00800060                PROVIDE (__data_start, .)
 *(.data)
 *(.data*)
 *(.gnu.linkonce.d*)
 *(.rodata)
 .rodata        0x00800060       0x10 KEY_BAD_program.o
 *(.rodata*)
 .rodata.KPD_RowsPins
                0x00800070        0x4 KEY_BAD_program.o
 .rodata.KPD_ColumnsPins
                0x00800074        0x4 KEY_BAD_program.o
 .rodata.str1.1
                0x00800078        0xc LCD.o
 .rodata.str1.1
                0x00800084      0x284 main.o
                                0x29f (size before relaxing)
 *(.gnu.linkonce.r*)
                0x00800308                . = ALIGN (0x2)
                0x00800308                _edata = .
                0x00800308                PROVIDE (__data_end, .)

.bss            0x00800308       0xb6
                0x00800308                PROVIDE (__bss_start, .)
 *(.bss)
 *(.bss*)
 .bss.i.1614    0x00800308        0x1 LCD_KEY.o
 .bss.ADC_Data  0x00800309        0x2 main.o
 .bss.analog    0x0080030b        0x2 main.o
 .bss.flag      0x0080030d        0x1 main.o
 .bss.User      0x0080030e        0x1 main.o
                0x0080030e                User
 .bss.Admin_1   0x0080030f        0x1 main.o
                0x0080030f                Admin_1
 .bss.Admin     0x00800310        0x1 main.o
                0x00800310                Admin
 .bss.count     0x00800311        0x2 main.o
 .bss.c1        0x00800313        0x1 main.o
                0x00800313                c1
 .bss.count_S_2
                0x00800314        0x1 main.o
                0x00800314                count_S_2
 .bss.count_S_1
                0x00800315        0x1 main.o
                0x00800315                count_S_1
 .bss.counter_2
                0x00800316        0x1 main.o
                0x00800316                counter_2
 .bss.counter   0x00800317        0x1 main.o
                0x00800317                counter
 .bss.counter_1
                0x00800318        0x1 main.o
                0x00800318                counter_1
 .bss.count_2   0x00800319        0x1 main.o
                0x00800319                count_2
 .bss.count_1   0x0080031a        0x1 main.o
                0x0080031a                count_1
 *(COMMON)
 COMMON         0x0080031b       0xa3 main.o
                0x0080031b                UART
                0x0080031c                arr_N
                0x00800330                arr_3
                0x00800344                buffer_1
                0x00800358                buffer
                0x0080036c                arr_P
                0x00800380                data
                0x00800381                arr_2
                0x00800395                arr_1
                0x008003a9                Key_data
                0x008003aa                arr_4
                0x008003be                PROVIDE (__bss_end, .)
                0x0000171a                __data_load_start = LOADADDR (.data)
                0x000019c2                __data_load_end = (__data_load_start + SIZEOF (.data))

.noinit         0x008003be        0x0
                [!provide]                PROVIDE (__noinit_start, .)
 *(.noinit*)
                [!provide]                PROVIDE (__noinit_end, .)
                0x008003be                _end = .
                [!provide]                PROVIDE (__heap_start, .)

.eeprom         0x00810000        0x0
 *(.eeprom*)
                0x00810000                __eeprom_end = .

.fuse
 *(.fuse)
 *(.lfuse)
 *(.hfuse)
 *(.efuse)

.lock
 *(.lock*)

.signature
 *(.signature*)

.user_signatures
 *(.user_signatures*)

.stab
 *(.stab)

.stabstr
 *(.stabstr)

.stab.excl
 *(.stab.excl)

.stab.exclstr
 *(.stab.exclstr)

.stab.index
 *(.stab.index)

.stab.indexstr
 *(.stab.indexstr)

.comment        0x00000000       0x30
 *(.comment)
 .comment       0x00000000       0x30 ADC_program.o
                                 0x31 (size before relaxing)
 .comment       0x00000030       0x31 DIO_program.o
 .comment       0x00000030       0x31 EEPROM_program.o
 .comment       0x00000030       0x31 GI_program.o
 .comment       0x00000030       0x31 I2C_program.o
 .comment       0x00000030       0x31 KEY_BAD_program.o
 .comment       0x00000030       0x31 LCD.o
 .comment       0x00000030       0x31 LCD_KEY.o
 .comment       0x00000030       0x31 main.o
 .comment       0x00000030       0x31 Timer1_program.o
 .comment       0x00000030       0x31 TIMER_program.o
 .comment       0x00000030       0x31 UART_program.o

.note.gnu.avr.deviceinfo
                0x00000000       0x3c
 .note.gnu.avr.deviceinfo
                0x00000000       0x3c C:/Program Files (x86)/Atmel/Studio/7.0/Packs/atmel/ATmega_DFP/1.7.374/gcc/dev/atmega32/avr5/crtatmega32.o

.note.gnu.build-id
 *(.note.gnu.build-id)

.debug
 *(.debug)

.line
 *(.line)

.debug_srcinfo
 *(.debug_srcinfo)

.debug_sfnames
 *(.debug_sfnames)

.debug_aranges  0x00000000      0x298
 *(.debug_aranges)
 .debug_aranges
                0x00000000       0x28 ADC_program.o
 .debug_aranges
                0x00000028       0x50 DIO_program.o
 .debug_aranges
                0x00000078       0x30 EEPROM_program.o
 .debug_aranges
                0x000000a8       0x28 GI_program.o
 .debug_aranges
                0x000000d0       0x58 I2C_program.o
 .debug_aranges
                0x00000128       0x28 KEY_BAD_program.o
 .debug_aranges
                0x00000150       0x60 LCD.o
 .debug_aranges
                0x000001b0       0x28 LCD_KEY.o
 .debug_aranges
                0x000001d8       0x28 main.o
 .debug_aranges
                0x00000200       0x28 Timer1_program.o
 .debug_aranges
                0x00000228       0x28 TIMER_program.o
 .debug_aranges
                0x00000250       0x48 UART_program.o

.debug_pubnames
 *(.debug_pubnames)

.debug_info     0x00000000     0x38bf
 *(.debug_info .gnu.linkonce.wi.*)
 .debug_info    0x00000000      0x4e6 C:/Program Files (x86)/Atmel/Studio/7.0/Packs/atmel/ATmega_DFP/1.7.374/gcc/dev/atmega32/avr5/crtatmega32.o
 .debug_info    0x000004e6       0xcf ADC_program.o
 .debug_info    0x000005b5      0x218 DIO_program.o
 .debug_info    0x000007cd      0x375 EEPROM_program.o
 .debug_info    0x00000b42       0x98 GI_program.o
 .debug_info    0x00000bda      0x172 I2C_program.o
 .debug_info    0x00000d4c      0x33c KEY_BAD_program.o
 .debug_info    0x00001088      0x800 LCD.o
 .debug_info    0x00001888      0x123 LCD_KEY.o
 .debug_info    0x000019ab     0x1b7d main.o
 .debug_info    0x00003528       0xb6 Timer1_program.o
 .debug_info    0x000035de       0xa6 TIMER_program.o
 .debug_info    0x00003684      0x23b UART_program.o

.debug_abbrev   0x00000000      0xf2a
 *(.debug_abbrev)
 .debug_abbrev  0x00000000      0x4a3 C:/Program Files (x86)/Atmel/Studio/7.0/Packs/atmel/ATmega_DFP/1.7.374/gcc/dev/atmega32/avr5/crtatmega32.o
 .debug_abbrev  0x000004a3       0x87 ADC_program.o
 .debug_abbrev  0x0000052a       0xab DIO_program.o
 .debug_abbrev  0x000005d5      0x14e EEPROM_program.o
 .debug_abbrev  0x00000723       0x46 GI_program.o
 .debug_abbrev  0x00000769       0x78 I2C_program.o
 .debug_abbrev  0x000007e1       0xf6 KEY_BAD_program.o
 .debug_abbrev  0x000008d7      0x1bb LCD.o
 .debug_abbrev  0x00000a92       0xcd LCD_KEY.o
 .debug_abbrev  0x00000b5f      0x197 main.o
 .debug_abbrev  0x00000cf6       0x6d Timer1_program.o
 .debug_abbrev  0x00000d63       0x6d TIMER_program.o
 .debug_abbrev  0x00000dd0      0x15a UART_program.o

.debug_line     0x00000000     0x1ae0
 *(.debug_line .debug_line.* .debug_line_end)
 .debug_line    0x00000000      0x116 C:/Program Files (x86)/Atmel/Studio/7.0/Packs/atmel/ATmega_DFP/1.7.374/gcc/dev/atmega32/avr5/crtatmega32.o
 .debug_line    0x00000116       0xc4 ADC_program.o
 .debug_line    0x000001da      0x316 DIO_program.o
 .debug_line    0x000004f0      0x20c EEPROM_program.o
 .debug_line    0x000006fc       0x65 GI_program.o
 .debug_line    0x00000761      0x1e4 I2C_program.o
 .debug_line    0x00000945      0x134 KEY_BAD_program.o
 .debug_line    0x00000a79      0x37a LCD.o
 .debug_line    0x00000df3       0x9e LCD_KEY.o
 .debug_line    0x00000e91      0x9b6 main.o
 .debug_line    0x00001847       0xa5 Timer1_program.o
 .debug_line    0x000018ec       0x8c TIMER_program.o
 .debug_line    0x00001978      0x168 UART_program.o

.debug_frame    0x00000000      0x554
 *(.debug_frame)
 .debug_frame   0x00000000       0x34 ADC_program.o
 .debug_frame   0x00000034       0x84 DIO_program.o
 .debug_frame   0x000000b8       0x84 EEPROM_program.o
 .debug_frame   0x0000013c       0x34 GI_program.o
 .debug_frame   0x00000170       0x94 I2C_program.o
 .debug_frame   0x00000204       0x74 KEY_BAD_program.o
 .debug_frame   0x00000278      0x104 LCD.o
 .debug_frame   0x0000037c       0x50 LCD_KEY.o
 .debug_frame   0x000003cc       0x7c main.o
 .debug_frame   0x00000448       0x34 Timer1_program.o
 .debug_frame   0x0000047c       0x34 TIMER_program.o
 .debug_frame   0x000004b0       0xa4 UART_program.o

.debug_str      0x00000000      0x8e6
 *(.debug_str)
 .debug_str     0x00000000      0x196 C:/Program Files (x86)/Atmel/Studio/7.0/Packs/atmel/ATmega_DFP/1.7.374/gcc/dev/atmega32/avr5/crtatmega32.o
 .debug_str     0x00000196      0x170 ADC_program.o
                                0x197 (size before relaxing)
 .debug_str     0x00000306       0xb9 DIO_program.o
                                0x219 (size before relaxing)
 .debug_str     0x000003bf      0x173 EEPROM_program.o
                                0x2d3 (size before relaxing)
 .debug_str     0x00000532       0x27 GI_program.o
                                0x175 (size before relaxing)
 .debug_str     0x00000559       0x3b I2C_program.o
                                0x233 (size before relaxing)
 .debug_str     0x00000594       0x84 KEY_BAD_program.o
                                0x217 (size before relaxing)
 .debug_str     0x00000618       0xb7 LCD.o
                                0x2ce (size before relaxing)
 .debug_str     0x000006cf       0x3b LCD_KEY.o
                                0x189 (size before relaxing)
 .debug_str     0x0000070a      0x143 main.o
                                0x413 (size before relaxing)
 .debug_str     0x0000084d       0x23 Timer1_program.o
                                0x190 (size before relaxing)
 .debug_str     0x00000870       0x2b TIMER_program.o
                                0x18f (size before relaxing)
 .debug_str     0x0000089b       0x4b UART_program.o
                                0x219 (size before relaxing)

.debug_loc      0x00000000     0x1500
 *(.debug_loc)
 .debug_loc     0x00000000       0x21 ADC_program.o
 .debug_loc     0x00000021      0x43e DIO_program.o
 .debug_loc     0x0000045f      0x2dd EEPROM_program.o
 .debug_loc     0x0000073c       0x97 I2C_program.o
 .debug_loc     0x000007d3      0x1b0 KEY_BAD_program.o
 .debug_loc     0x00000983      0x5a3 LCD.o
 .debug_loc     0x00000f26      0x108 LCD_KEY.o
 .debug_loc     0x0000102e      0x30b main.o
 .debug_loc     0x00001339      0x1c7 UART_program.o

.debug_macinfo
 *(.debug_macinfo)

.debug_weaknames
 *(.debug_weaknames)

.debug_funcnames
 *(.debug_funcnames)

.debug_typenames
 *(.debug_typenames)

.debug_varnames
 *(.debug_varnames)

.debug_pubtypes
 *(.debug_pubtypes)

.debug_ranges   0x00000000      0x1f0
 *(.debug_ranges)
 .debug_ranges  0x00000000       0x18 ADC_program.o
 .debug_ranges  0x00000018       0x40 DIO_program.o
 .debug_ranges  0x00000058       0x20 EEPROM_program.o
 .debug_ranges  0x00000078       0x18 GI_program.o
 .debug_ranges  0x00000090       0x48 I2C_program.o
 .debug_ranges  0x000000d8       0x18 KEY_BAD_program.o
 .debug_ranges  0x000000f0       0x68 LCD.o
 .debug_ranges  0x00000158       0x18 LCD_KEY.o
 .debug_ranges  0x00000170       0x18 main.o
 .debug_ranges  0x00000188       0x18 Timer1_program.o
 .debug_ranges  0x000001a0       0x18 TIMER_program.o
 .debug_ranges  0x000001b8       0x38 UART_program.o

.debug_macro
 *(.debug_macro)
OUTPUT(keybad.elf elf32-avr)
LOAD linker stubs
